------------------------------------------------------------
TimeQuest Timing Analyzer Summary
------------------------------------------------------------

Type  : Slow 1200mV 85C Model Setup 'clk50'
Slack : -18.637
TNS   : -6362.731

Type  : Slow 1200mV 85C Model Setup 'pll_for_sdram_0|altpll_component|auto_generated|pll1|clk[0]'
Slack : -10.438
TNS   : -83.296

Type  : Slow 1200mV 85C Model Setup 'hellosoc_top:TFT|tft_ili9341:tft|frameBufferLowNibble'
Slack : -6.275
TNS   : -2880.891

Type  : Slow 1200mV 85C Model Setup 'TOP:neiroset|memorywork:block|step[0]'
Slack : -5.880
TNS   : -95.956

Type  : Slow 1200mV 85C Model Setup 'TOP:neiroset|conv_TOP:conv|STOP'
Slack : -4.776
TNS   : -62.537

Type  : Slow 1200mV 85C Model Setup 'pll2|altpll_component|auto_generated|pll1|clk[0]'
Slack : -3.839
TNS   : -138.809

Type  : Slow 1200mV 85C Model Setup 'sdram_controller:SDRAM|rd_ready_r'
Slack : -3.431
TNS   : -228.883

Type  : Slow 1200mV 85C Model Setup 'sdram_controller:SDRAM|busy'
Slack : -3.015
TNS   : -232.526

Type  : Slow 1200mV 85C Model Setup 'TOP:neiroset|nextstep'
Slack : -2.407
TNS   : -12.035

Type  : Slow 1200mV 85C Model Setup 'PCLK_cam'
Slack : -1.740
TNS   : -88.081

Type  : Slow 1200mV 85C Model Setup 'pll_for_sdram_0|altpll_component|auto_generated|pll1|clk[2]'
Slack : 32.129
TNS   : 0.000

Type  : Slow 1200mV 85C Model Hold 'PCLK_cam'
Slack : 0.208
TNS   : 0.000

Type  : Slow 1200mV 85C Model Hold 'clk50'
Slack : 0.302
TNS   : 0.000

Type  : Slow 1200mV 85C Model Hold 'sdram_controller:SDRAM|rd_ready_r'
Slack : 0.305
TNS   : 0.000

Type  : Slow 1200mV 85C Model Hold 'hellosoc_top:TFT|tft_ili9341:tft|frameBufferLowNibble'
Slack : 0.341
TNS   : 0.000

Type  : Slow 1200mV 85C Model Hold 'sdram_controller:SDRAM|busy'
Slack : 0.342
TNS   : 0.000

Type  : Slow 1200mV 85C Model Hold 'TOP:neiroset|conv_TOP:conv|STOP'
Slack : 0.356
TNS   : 0.000

Type  : Slow 1200mV 85C Model Hold 'pll_for_sdram_0|altpll_component|auto_generated|pll1|clk[0]'
Slack : 0.357
TNS   : 0.000

Type  : Slow 1200mV 85C Model Hold 'pll_for_sdram_0|altpll_component|auto_generated|pll1|clk[2]'
Slack : 0.357
TNS   : 0.000

Type  : Slow 1200mV 85C Model Hold 'pll2|altpll_component|auto_generated|pll1|clk[0]'
Slack : 0.358
TNS   : 0.000

Type  : Slow 1200mV 85C Model Hold 'TOP:neiroset|nextstep'
Slack : 0.401
TNS   : 0.000

Type  : Slow 1200mV 85C Model Hold 'TOP:neiroset|memorywork:block|step[0]'
Slack : 0.519
TNS   : 0.000

Type  : Slow 1200mV 85C Model Recovery 'TOP:neiroset|conv_TOP:conv|STOP'
Slack : -1.323
TNS   : -16.591

Type  : Slow 1200mV 85C Model Removal 'TOP:neiroset|conv_TOP:conv|STOP'
Slack : 1.225
TNS   : 0.000

Type  : Slow 1200mV 85C Model Minimum Pulse Width 'PCLK_cam'
Slack : -3.000
TNS   : -119.176

Type  : Slow 1200mV 85C Model Minimum Pulse Width 'TOP:neiroset|conv_TOP:conv|STOP'
Slack : -2.484
TNS   : -24.420

Type  : Slow 1200mV 85C Model Minimum Pulse Width 'hellosoc_top:TFT|tft_ili9341:tft|frameBufferLowNibble'
Slack : -2.174
TNS   : -659.176

Type  : Slow 1200mV 85C Model Minimum Pulse Width 'sdram_controller:SDRAM|busy'
Slack : -2.174
TNS   : -152.176

Type  : Slow 1200mV 85C Model Minimum Pulse Width 'sdram_controller:SDRAM|rd_ready_r'
Slack : -2.174
TNS   : -135.176

Type  : Slow 1200mV 85C Model Minimum Pulse Width 'TOP:neiroset|nextstep'
Slack : -1.000
TNS   : -5.000

Type  : Slow 1200mV 85C Model Minimum Pulse Width 'TOP:neiroset|memorywork:block|step[0]'
Slack : -0.401
TNS   : -23.895

Type  : Slow 1200mV 85C Model Minimum Pulse Width 'pll2|altpll_component|auto_generated|pll1|clk[0]'
Slack : 3.248
TNS   : 0.000

Type  : Slow 1200mV 85C Model Minimum Pulse Width 'pll_for_sdram_0|altpll_component|auto_generated|pll1|clk[0]'
Slack : 4.747
TNS   : 0.000

Type  : Slow 1200mV 85C Model Minimum Pulse Width 'clk50'
Slack : 9.408
TNS   : 0.000

Type  : Slow 1200mV 85C Model Minimum Pulse Width 'pll_for_sdram_0|altpll_component|auto_generated|pll1|clk[2]'
Slack : 19.743
TNS   : 0.000

Type  : Slow 1200mV 0C Model Setup 'clk50'
Slack : -16.448
TNS   : -5601.376

Type  : Slow 1200mV 0C Model Setup 'pll_for_sdram_0|altpll_component|auto_generated|pll1|clk[0]'
Slack : -9.198
TNS   : -73.291

Type  : Slow 1200mV 0C Model Setup 'hellosoc_top:TFT|tft_ili9341:tft|frameBufferLowNibble'
Slack : -5.518
TNS   : -2519.196

Type  : Slow 1200mV 0C Model Setup 'TOP:neiroset|memorywork:block|step[0]'
Slack : -5.291
TNS   : -86.944

Type  : Slow 1200mV 0C Model Setup 'TOP:neiroset|conv_TOP:conv|STOP'
Slack : -4.191
TNS   : -54.599

Type  : Slow 1200mV 0C Model Setup 'pll2|altpll_component|auto_generated|pll1|clk[0]'
Slack : -3.410
TNS   : -123.240

Type  : Slow 1200mV 0C Model Setup 'sdram_controller:SDRAM|rd_ready_r'
Slack : -3.078
TNS   : -195.592

Type  : Slow 1200mV 0C Model Setup 'sdram_controller:SDRAM|busy'
Slack : -2.665
TNS   : -200.722

Type  : Slow 1200mV 0C Model Setup 'TOP:neiroset|nextstep'
Slack : -2.073
TNS   : -10.365

Type  : Slow 1200mV 0C Model Setup 'PCLK_cam'
Slack : -1.488
TNS   : -70.078

Type  : Slow 1200mV 0C Model Setup 'pll_for_sdram_0|altpll_component|auto_generated|pll1|clk[2]'
Slack : 32.977
TNS   : 0.000

Type  : Slow 1200mV 0C Model Hold 'PCLK_cam'
Slack : 0.214
TNS   : 0.000

Type  : Slow 1200mV 0C Model Hold 'hellosoc_top:TFT|tft_ili9341:tft|frameBufferLowNibble'
Slack : 0.297
TNS   : 0.000

Type  : Slow 1200mV 0C Model Hold 'clk50'
Slack : 0.298
TNS   : 0.000

Type  : Slow 1200mV 0C Model Hold 'sdram_controller:SDRAM|rd_ready_r'
Slack : 0.298
TNS   : 0.000

Type  : Slow 1200mV 0C Model Hold 'sdram_controller:SDRAM|busy'
Slack : 0.300
TNS   : 0.000

Type  : Slow 1200mV 0C Model Hold 'pll_for_sdram_0|altpll_component|auto_generated|pll1|clk[0]'
Slack : 0.311
TNS   : 0.000

Type  : Slow 1200mV 0C Model Hold 'pll_for_sdram_0|altpll_component|auto_generated|pll1|clk[2]'
Slack : 0.311
TNS   : 0.000

Type  : Slow 1200mV 0C Model Hold 'TOP:neiroset|conv_TOP:conv|STOP'
Slack : 0.312
TNS   : 0.000

Type  : Slow 1200mV 0C Model Hold 'pll2|altpll_component|auto_generated|pll1|clk[0]'
Slack : 0.312
TNS   : 0.000

Type  : Slow 1200mV 0C Model Hold 'TOP:neiroset|nextstep'
Slack : 0.357
TNS   : 0.000

Type  : Slow 1200mV 0C Model Hold 'TOP:neiroset|memorywork:block|step[0]'
Slack : 0.571
TNS   : 0.000

Type  : Slow 1200mV 0C Model Recovery 'TOP:neiroset|conv_TOP:conv|STOP'
Slack : -1.187
TNS   : -14.640

Type  : Slow 1200mV 0C Model Removal 'TOP:neiroset|conv_TOP:conv|STOP'
Slack : 1.234
TNS   : 0.000

Type  : Slow 1200mV 0C Model Minimum Pulse Width 'PCLK_cam'
Slack : -3.000
TNS   : -119.176

Type  : Slow 1200mV 0C Model Minimum Pulse Width 'TOP:neiroset|conv_TOP:conv|STOP'
Slack : -2.484
TNS   : -24.420

Type  : Slow 1200mV 0C Model Minimum Pulse Width 'hellosoc_top:TFT|tft_ili9341:tft|frameBufferLowNibble'
Slack : -2.174
TNS   : -659.176

Type  : Slow 1200mV 0C Model Minimum Pulse Width 'sdram_controller:SDRAM|busy'
Slack : -2.174
TNS   : -152.176

Type  : Slow 1200mV 0C Model Minimum Pulse Width 'sdram_controller:SDRAM|rd_ready_r'
Slack : -2.174
TNS   : -135.176

Type  : Slow 1200mV 0C Model Minimum Pulse Width 'TOP:neiroset|nextstep'
Slack : -1.000
TNS   : -5.000

Type  : Slow 1200mV 0C Model Minimum Pulse Width 'TOP:neiroset|memorywork:block|step[0]'
Slack : -0.251
TNS   : -17.388

Type  : Slow 1200mV 0C Model Minimum Pulse Width 'pll2|altpll_component|auto_generated|pll1|clk[0]'
Slack : 3.240
TNS   : 0.000

Type  : Slow 1200mV 0C Model Minimum Pulse Width 'pll_for_sdram_0|altpll_component|auto_generated|pll1|clk[0]'
Slack : 4.743
TNS   : 0.000

Type  : Slow 1200mV 0C Model Minimum Pulse Width 'clk50'
Slack : 9.429
TNS   : 0.000

Type  : Slow 1200mV 0C Model Minimum Pulse Width 'pll_for_sdram_0|altpll_component|auto_generated|pll1|clk[2]'
Slack : 19.743
TNS   : 0.000

Type  : Fast 1200mV 0C Model Setup 'clk50'
Slack : -10.497
TNS   : -3547.682

Type  : Fast 1200mV 0C Model Setup 'pll_for_sdram_0|altpll_component|auto_generated|pll1|clk[0]'
Slack : -5.612
TNS   : -44.736

Type  : Fast 1200mV 0C Model Setup 'TOP:neiroset|memorywork:block|step[0]'
Slack : -3.261
TNS   : -52.649

Type  : Fast 1200mV 0C Model Setup 'hellosoc_top:TFT|tft_ili9341:tft|frameBufferLowNibble'
Slack : -3.016
TNS   : -1374.434

Type  : Fast 1200mV 0C Model Setup 'pll2|altpll_component|auto_generated|pll1|clk[0]'
Slack : -2.297
TNS   : -85.875

Type  : Fast 1200mV 0C Model Setup 'TOP:neiroset|conv_TOP:conv|STOP'
Slack : -2.276
TNS   : -28.554

Type  : Fast 1200mV 0C Model Setup 'sdram_controller:SDRAM|rd_ready_r'
Slack : -2.089
TNS   : -89.258

Type  : Fast 1200mV 0C Model Setup 'sdram_controller:SDRAM|busy'
Slack : -1.283
TNS   : -83.021

Type  : Fast 1200mV 0C Model Setup 'TOP:neiroset|nextstep'
Slack : -0.920
TNS   : -4.600

Type  : Fast 1200mV 0C Model Setup 'PCLK_cam'
Slack : -0.499
TNS   : -16.546

Type  : Fast 1200mV 0C Model Setup 'pll_for_sdram_0|altpll_component|auto_generated|pll1|clk[2]'
Slack : 35.759
TNS   : 0.000

Type  : Fast 1200mV 0C Model Hold 'PCLK_cam'
Slack : 0.094
TNS   : 0.000

Type  : Fast 1200mV 0C Model Hold 'clk50'
Slack : 0.144
TNS   : 0.000

Type  : Fast 1200mV 0C Model Hold 'sdram_controller:SDRAM|rd_ready_r'
Slack : 0.162
TNS   : 0.000

Type  : Fast 1200mV 0C Model Hold 'hellosoc_top:TFT|tft_ili9341:tft|frameBufferLowNibble'
Slack : 0.177
TNS   : 0.000

Type  : Fast 1200mV 0C Model Hold 'sdram_controller:SDRAM|busy'
Slack : 0.179
TNS   : 0.000

Type  : Fast 1200mV 0C Model Hold 'TOP:neiroset|conv_TOP:conv|STOP'
Slack : 0.185
TNS   : 0.000

Type  : Fast 1200mV 0C Model Hold 'pll2|altpll_component|auto_generated|pll1|clk[0]'
Slack : 0.186
TNS   : 0.000

Type  : Fast 1200mV 0C Model Hold 'pll_for_sdram_0|altpll_component|auto_generated|pll1|clk[0]'
Slack : 0.186
TNS   : 0.000

Type  : Fast 1200mV 0C Model Hold 'pll_for_sdram_0|altpll_component|auto_generated|pll1|clk[2]'
Slack : 0.186
TNS   : 0.000

Type  : Fast 1200mV 0C Model Hold 'TOP:neiroset|nextstep'
Slack : 0.211
TNS   : 0.000

Type  : Fast 1200mV 0C Model Hold 'TOP:neiroset|memorywork:block|step[0]'
Slack : 0.331
TNS   : 0.000

Type  : Fast 1200mV 0C Model Recovery 'TOP:neiroset|conv_TOP:conv|STOP'
Slack : -0.440
TNS   : -4.754

Type  : Fast 1200mV 0C Model Removal 'TOP:neiroset|conv_TOP:conv|STOP'
Slack : 0.687
TNS   : 0.000

Type  : Fast 1200mV 0C Model Minimum Pulse Width 'PCLK_cam'
Slack : -3.000
TNS   : -101.761

Type  : Fast 1200mV 0C Model Minimum Pulse Width 'hellosoc_top:TFT|tft_ili9341:tft|frameBufferLowNibble'
Slack : -1.000
TNS   : -631.000

Type  : Fast 1200mV 0C Model Minimum Pulse Width 'sdram_controller:SDRAM|busy'
Slack : -1.000
TNS   : -124.000

Type  : Fast 1200mV 0C Model Minimum Pulse Width 'sdram_controller:SDRAM|rd_ready_r'
Slack : -1.000
TNS   : -107.000

Type  : Fast 1200mV 0C Model Minimum Pulse Width 'TOP:neiroset|conv_TOP:conv|STOP'
Slack : -1.000
TNS   : -17.000

Type  : Fast 1200mV 0C Model Minimum Pulse Width 'TOP:neiroset|nextstep'
Slack : -1.000
TNS   : -5.000

Type  : Fast 1200mV 0C Model Minimum Pulse Width 'TOP:neiroset|memorywork:block|step[0]'
Slack : -0.124
TNS   : -4.400

Type  : Fast 1200mV 0C Model Minimum Pulse Width 'pll2|altpll_component|auto_generated|pll1|clk[0]'
Slack : 3.278
TNS   : 0.000

Type  : Fast 1200mV 0C Model Minimum Pulse Width 'pll_for_sdram_0|altpll_component|auto_generated|pll1|clk[0]'
Slack : 4.782
TNS   : 0.000

Type  : Fast 1200mV 0C Model Minimum Pulse Width 'clk50'
Slack : 9.206
TNS   : 0.000

Type  : Fast 1200mV 0C Model Minimum Pulse Width 'pll_for_sdram_0|altpll_component|auto_generated|pll1|clk[2]'
Slack : 19.751
TNS   : 0.000

------------------------------------------------------------
